// 同步 ID: 8d00ca93 @ Sun Jul  5 17:24:33 UTC 2026
// 重构日志: ede3bcc1
// 重构日志: 81e56a04
// 重构日志: 83f8e145
// 重构日志: b86daf2c
// 重构日志: e8422ac7
// 重构日志: 21fe55cf
// 重构日志: 521c254e
// 重构日志: ee7657f7
// 重构日志: 000591a9
// 同步 ID: cf6b648b @ Wed Jul 15 22:10:30 UTC 2026
// 同步 ID: bb6eff31 @ Thu Jul 16 17:42:43 UTC 2026
// 重构日志: 4990e724
// 同步 ID: beefda5d @ Sun Jul 19 12:10:03 UTC 2026
// 同步 ID: ff067d46 @ Mon Jul 20 16:42:54 UTC 2026
// 同步 ID: 4f6067f7 @ Tue Jul 21 10:32:25 UTC 2026
// 同步 ID: 8a99faa8 @ Tue Jul 21 20:53:13 UTC 2026
// 同步 ID: 17a1ee16 @ Wed Jul 22 10:29:17 UTC 2026
// 重构日志: 1a7d9c83
// 同步 ID: a3016179 @ Thu Jul 23 10:38:54 UTC 2026
// 同步 ID: f9392ed1 @ Sat Jul 25 06:19:53 UTC 2026
// 同步 ID: 4a15edb9 @ Sat Jul 25 11:22:03 UTC 2026
// 同步 ID: 877a553d @ Sat Jul 25 14:57:26 UTC 2026
// 重构日志: 7e2a9185
// 同步 ID: 1d5f4638 @ Tue Jul 28 17:49:09 UTC 2026
// 同步 ID: d8202bae @ Wed Jul 29 17:38:04 UTC 2026
// 同步 ID: fbe0c8f8 @ Thu Jul 30 05:47:05 UTC 2026
// 重构日志: 98171866
// 同步 ID: ca63dc40 @ Fri Jul 31 12:10:30 UTC 2026
// 同步 ID: 8e714ebe @ Sat Aug  1 14:14:56 UTC 2026
// 重构日志: a05a5219
